[iesits.com/index.html]
[backblue.gif]
[fade.gif]
[index.html]
[iesits.com/wp-content/themes/salient/css/fonts/icomoon3cc5.woff]
[iesits.com/wp-includes/css/dist/block-library/style.min369f.css]
[iesits.com/feed/index.html]
[iesits.com/comments/feed/index.html]
[iesits.com/wp-includes/js/mediaelement/mediaelementplayer-legacy.min1f61.css]
[iesits.com/wp-includes/js/mediaelement/wp-mediaelement.min369f.css]
[iesits.com/wp-content/themes/salient/css/build/grid-system1e28.css]
[iesits.com/wp-content/themes/salient/css/build/header/header-perma-transparent1e28.css]
[iesits.com/wp-content/themes/salient/css/build/style1e28.css]
[iesits.com/wp-content/themes/salient/css/build/elements/element-scrolling-text1e28.css]
[iesits.com/wp-content/themes/salient/css/build/elements/element-highlighted-text1e28.css]
[iesits.com/wp-content/themes/salient/css/build/elements/element-post-grid1e28.css]
[iesits.com/wp-content/themes/salient/css/build/elements/element-milestone1e28.css]
[iesits.com/wp-content/themes/salient/css/build/responsive1e28.css]
[iesits.com/wp-content/themes/salient/css/build/plugins/select2f39e.css]
[iesits.com/wp-content/themes/salient/css/build/plugins/flickity1e28.css]
[iesits.com/wp-content/themes/salient/css/build/skin-material1e28.css]
[iesits.com/wp-content/uploads/salient/menu-dynamic3a9a.css]
[iesits.com/wp-content/plugins/js_composer_salient/assets/css/js_composer.mind03b.css]
[iesits.com/wp-content/themes/salient/css/salient-dynamic-styles1a3c.css]
[iesits.com/wp-includes/js/jquery/jquery.minf43b.js]
[iesits.com/wp-includes/js/jquery/jquery-migrate.min5589.js]
[iesits.com/wp-json/wp/v2/pages/337.json]
[iesits.com/wp-json/index.html]
[iesits.com/xmlrpc0db0.php]
[iesits.com/wp-json/oembed/1.0/embedd2af.json]
[iesits.com/wp-json/oembed/1.0/embede4b0]
[iesits.com/wp-content/uploads/2024/09/cropped-WhatsApp-Image-2024-09-10-at-15.44.05-32x32.jpg]
[iesits.com/wp-content/uploads/2024/09/cropped-WhatsApp-Image-2024-09-10-at-15.44.05-192x192.jpg]
[iesits.com/wp-content/uploads/2024/09/cropped-WhatsApp-Image-2024-09-10-at-15.44.05-180x180.jpg]
[iesits.com/wp-content/uploads/2024/09/WhatsApp-Image-2024-09-25-at-22.26.57.jpg]
[iesits.com/wp-content/uploads/2025/04/WhatsApp-Video-2025-04-30-at-6.03.40-PM.mp4]
[iesits.com/wp-content/uploads/2024/09/field-service-installation.jpg]
[iesits.com/portfolio/installation-and-commissioning/index.html]
[iesits.com/project-type/services/index.html]
[iesits.com/portfolio/technical-support-provider/index.html]
[iesits.com/portfolio/service-level-agreements/index.html]
[iesits.com/wp-content/uploads/2024/09/yoast-fb-Industrial-PLM-and-Systems-Engineering-Solutions.jpg]
[iesits.com/portfolio/software-as-a-service/index.html]
[iesits.com/portfolio/⁠ofc-network-design-laying/index.html]
[iesits.com/portfolio/traffic-data-collection-tdc/index.html]
[iesits.com/portfolio/toll-revenue-and-assurance-programmes/index.html]
[iesits.com/portfolio/operations-and-maintenance/index.html]
[iesits.com/wp-content/uploads/2024/09/cropped-WhatsApp-Image-2024-09-10-at-15.44.05.jpg]
[iesits.com/wp-content/uploads/2021/11/patrick-schneider-87oz2SoV9Ug-unsplash.jpg]
[iesits.com/project-type/road-tunnel-systems/index.html]
[iesits.com/portfolio/intrusion-systems/index.html]
[iesits.com/portfolio/weather-stations/index.html]
[iesits.com/portfolio/meteorological-sensor/index.html]
[iesits.com/wp-content/uploads/2021/11/pierre-chatel-innocenti-gPvqQOAOXCw-unsplash-1.png]
[iesits.com/project-type/environmental-control-projects/index.html]
[iesits.com/portfolio/water-quality-sensors/index.html]
[iesits.com/wp-content/themes/salient/css/font-awesome.min6996.css]
[iesits.com/portfolio/water-softening-plant/index.html]
[iesits.com/portfolio/air-quality-monitor/index.html]
[iesits.com/wp-content/plugins/js_composer_salient/assets/lib/vendor/node_modules/animate.css/animate.mind03b.css]
[iesits.com/project-type/water-treatment-plants/index.html]
[iesits.com/portfolio/distillation-water-plant/index.html]
[iesits.com/portfolio/filtration-water-plant/index.html]
[iesits.com/wp-content/themes/salient/css/build/style-non-critical1e28.css]
[iesits.com/portfolio/ultra-filtration-water-plant/index.html]
[iesits.com/portfolio/reverse-osmosis-ro-plant/index.html]
[iesits.com/wp-content/themes/salient/css/build/plugins/jquery.fancybox3d36.css]
[iesits.com/portfolio/highway-laboratory-equipment/index.html]
[iesits.com/wp-content/themes/salient/css/build/off-canvas/core1e28.css]
[iesits.com/project-type/highways-expressway/index.html]
[iesits.com/portfolio/comprehensive-operations-management/index.html]
[iesits.com/wp-content/themes/salient/css/build/off-canvas/slide-out-right-material1e28.css]
[iesits.com/project-type/geosynthetic-products/index.html]
[iesits.com/project-type/comprehensive-operations-management/index.html]
[iesits.com/wp-content/themes/salient/css/build/off-canvas/slide-out-right-hover1e28.css]
[iesits.com/portfolio/structural-functional-friction/index.html]
[iesits.com/portfolio/2-supply-installation-of-geotextile/index.html]
[iesits.com/category/uncategorized/index.html]
[iesits.com/the-chief-secretary-punjab-observed-a-demonstration-of-the-newly-procured-equipment-under-rams/index.html]
[iesits.com/laser-crack-measurement-scanner-lcms/index.html]
[iesits.com/wp-content/themes/salient/js/build/third-party/jquery.easing.min4e44.js]
[iesits.com/salient-architect-about/index.html]
[iesits.com/wp-content/themes/salient/js/build/third-party/jquery.mousewheel.mina9d5.js]
[iesits.com/solutions/index.html]
[iesits.com/project-type/⁠agricultural-engineering/index.html]
[iesits.com/services/index.html]
[iesits.com/wp-content/themes/salient/js/build/priority1e28.js]
[iesits.com/project-type/smart-cities/index.html]
[iesits.com/partners/index.html]
[iesits.com/wp-content/themes/salient/js/build/third-party/transit.mine2dc.js]
[iesits.com/contact-us/index.html]
[iesits.com/careers/index.html]
[iesits.com/wp-content/themes/salient/js/build/third-party/waypoints05da.js]
[iesits.com/news/index.html]
[iesits.com/wp-content/plugins/salient-portfolio/js/third-party/imagesLoaded.mineda1.js]
[iesits.com/wp-content/themes/salient/js/build/third-party/hoverintent.min3aa8.js]
[iesits.com/wp-content/themes/salient/js/build/third-party/jquery.fancybox7558.js]
[iesits.com/wp-content/themes/salient/js/build/third-party/anime.min8686.js]
[iesits.com/wp-content/themes/salient/js/build/third-party/flickity254d.js]
[iesits.com/wp-content/themes/salient/js/build/third-party/stickkit5152.js]
[iesits.com/wp-content/themes/salient/js/build/third-party/superfish0322.js]
[iesits.com/wp-content/plugins/salient-core/js/third-party/touchswipe.min5152.js]
[iesits.com/wp-content/themes/salient/js/build/init1e28.js]
[iesits.com/wp-content/themes/salient/js/build/third-party/select2.minf39e.js]
[stats.wp.com/e-202602.js]
[iesits.com/wp-content/plugins/js_composer_salient/assets/js/dist/js_composer_front.mind03b.js]
[iesits.com/index.html]
[iesits.com/wp-includes/css/dist/block-library/style.min369f.css]
[iesits.com/wp-content/themes/salient/js/build/elements/nectar-post-grid-stacked1e28.js]
[iesits.com/wp-includes/js/mediaelement/mediaelementplayer-legacy.min1f61.css]
[iesits.com/wp-includes/js/mediaelement/wp-mediaelement.min369f.css]
[iesits.com/wp-content/themes/salient/css/build/grid-system1e28.css]
[iesits.com/wp-includes/js/mediaelement/mejs-controls.svg]
[iesits.com/wp-content/themes/salient/img/icons/loading-white-bg.gif]
[iesits.com/wp-content/themes/salient/img/icons/quote.png]
[iesits.com/wp-content/themes/salient/img/icons/link.png]
[iesits.com/wp-content/themes/salient/img/icons/status.png]
[iesits.com/wp-content/themes/salient/img/icons/quote-2x.png]
[iesits.com/wp-content/themes/salient/img/icons/link-2x.png]
[iesits.com/wp-content/themes/salient/img/icons/portfolio-arrows.png]
[iesits.com/wp-content/themes/salient/img/icons/portfolio-arrows-2x.png]
[iesits.com/wp-content/themes/salient/img/icons/comment-children-line.jpg]
[iesits.com/wp-content/themes/salient/css/fonts/icomoon3cc5.eot]
[iesits.com/wp-content/themes/salient/css/fonts/icomoond41d.eot]
[iesits.com/wp-content/themes/salient/css/build/style1e28.css]
[iesits.com/wp-content/themes/salient/css/build/header/header-perma-transparent1e28.css]
[iesits.com/wp-content/themes/salient/css/build/elements/element-scrolling-text1e28.css]
[iesits.com/wp-content/themes/salient/css/build/elements/element-highlighted-text1e28.css]
[iesits.com/wp-content/themes/salient/css/build/elements/element-post-grid1e28.css]
[iesits.com/wp-content/themes/salient/css/build/elements/element-milestone1e28.css]
[iesits.com/wp-content/themes/salient/css/build/responsive1e28.css]
[iesits.com/wp-content/themes/salient/css/build/plugins/flickity1e28.css]
[iesits.com/wp-content/themes/salient/css/build/plugins/select2f39e.css]
[iesits.com/wp-content/themes/salient/css/build/skin-material1e28.css]
[iesits.com/wp-content/uploads/salient/menu-dynamic3a9a.css]
[iesits.com/wp-content/themes/salient/css/fonts/icomoon3cc5.ttf]
[iesits.com/wp-content/plugins/js_composer_salient/assets/fonts/vc_icons_v2/fonts/vcpb-plugin-iconsb82a.eot]
[iesits.com/wp-content/plugins/js_composer_salient/assets/fonts/vc_icons_v2/fonts/vcpb-plugin-iconsb82a.woff]
[iesits.com/wp-content/plugins/js_composer_salient/assets/fonts/vc_icons_v2/fonts/vcpb-plugin-iconsb82a.ttf]
[iesits.com/wp-content/themes/salient/css/fonts/icomoon.svg]
[iesits.com/wp-content/plugins/js_composer_salient/assets/fonts/vc_icons_v2/fonts/vcpb-plugin-iconsb82a.svg]
[iesits.com/wp-content/plugins/js_composer_salient/assets/images/toggle_open.png]
[iesits.com/wp-content/plugins/js_composer_salient/assets/images/toggle_close.png]
[iesits.com/wp-content/plugins/js_composer_salient/assets/fonts/vc_grid/vc_grid_v157a1.eot]
[iesits.com/wp-content/plugins/js_composer_salient/assets/fonts/vc_grid/vc_grid_v1d41d.eot]
[iesits.com/wp-content/plugins/js_composer_salient/assets/fonts/vc_grid/vc_grid_v157a1.woff]
[iesits.com/wp-content/plugins/js_composer_salient/assets/fonts/vc_grid/vc_grid_v157a1.ttf]
[iesits.com/wp-content/plugins/js_composer_salient/assets/fonts/vc_grid/vc_grid_v157a1.svg]
[iesits.com/wp-content/plugins/js_composer_salient/assets/images/spinner.gif]
[iesits.com/wp-content/plugins/js_composer_salient/assets/vc/tick.png]
[iesits.com/wp-content/plugins/js_composer_salient/assets/vc/remove.png]
[iesits.com/wp-content/plugins/js_composer_salient/assets/css/js_composer.mind03b.css]
[iesits.com/wp-content/themes/salient/css/salient-dynamic-styles1a3c.css]
[iesits.com/wp-content/plugins/salient-core/includes/img/masks/circle-rect.svg]
[iesits.com/wp-includes/js/jquery/jquery.minf43b.js]
[iesits.com/wp-includes/js/jquery/jquery-migrate.min5589.js]
[iesits.com/wp-content/plugins/salient-social/css/style54f4.css]
[iesits.com/wp-content/plugins/salient-portfolio/css/portfolio4b1d.css]
[iesits.com/wp-content/themes/salient/css/build/single1e28.css]
[iesits.com/wp-content/themes/salient/css/build/elements/element-recent-posts1e28.css]
[iesits.com/wp-json/oembed/1.0/embedb27d.json]
[iesits.com/portfolio/installation-and-commissioning/index.html]
[iesits.com/project-type/services/index.html]
[iesits.com/portfolio/technical-support-provider/index.html]
[iesits.com/portfolio/transit-management-systems/index.html]
[iesits.com/portfolio/service-level-agreements/index.html]
[iesits.com/portfolio/⁠ofc-network-design-laying/index.html]
[iesits.com/portfolio/software-as-a-service/index.html]
[iesits.com/portfolio/traffic-data-collection-tdc/index.html]
[iesits.com/portfolio/toll-revenue-and-assurance-programmes/index.html]
[iesits.com/portfolio/operations-and-maintenance/index.html]
[iesits.com/portfolio/intrusion-systems/index.html]
[iesits.com/project-type/road-tunnel-systems/index.html]
[iesits.com/portfolio/weather-stations/index.html]
[iesits.com/project-type/environmental-control-projects/feed/index.html]
[iesits.com/project-type/environmental-control-projects/index.html]
[iesits.com/portfolio/meteorological-sensor/index.html]
[iesits.com/portfolio/water-quality-sensors/index.html]
[iesits.com/portfolio/air-quality-monitor/index.html]
[iesits.com/portfolio/water-softening-plant/index.html]
[iesits.com/project-type/water-treatment-plants/feed/index.html]
[iesits.com/project-type/water-treatment-plants/index.html]
[iesits.com/portfolio/distillation-water-plant/index.html]
[iesits.com/portfolio/filtration-water-plant/index.html]
[iesits.com/portfolio/ultra-filtration-water-plant/index.html]
[iesits.com/portfolio/reverse-osmosis-ro-plant/index.html]
[iesits.com/portfolio/highway-laboratory-equipment/index.html]
[iesits.com/portfolio/crack-sealing/index.html]
[iesits.com/portfolio/advanced-traffic-management-system/index.html]
[iesits.com/project-type/highways-expressway/index.html]
[iesits.com/portfolio/electronic-toll-collection-system/index.html]
[iesits.com/portfolio/structural-functional-friction/index.html]
[iesits.com/portfolio/comprehensive-operations-management/index.html]
[iesits.com/portfolio/rice-processing-plants/index.html]
[iesits.com/project-type/comprehensive-operations-management/index.html]
[iesits.com/portfolio/2-supply-installation-of-geotextile/index.html]
[iesits.com/portfolio/integrated-surveillance-monitoring/index.html]
[iesits.com/portfolio/integrated-command-control-center/index.html]
[iesits.com/project-type/geosynthetic-products/index.html]
[iesits.com/portfolio/supply-installation-of-geomembrane-hdpe-pvc/index.html]
[iesits.com/the-chief-secretary-punjab-observed-a-demonstration-of-the-newly-procured-equipment-under-rams/index.html]
[iesits.com/author/inspireotechgmail-com/index.html]
[iesits.com/category/uncategorized/index.html]
[iesits.com/laser-crack-measurement-scanner-lcms/index.html]
[iesits.com/salient-architect-about/index.html]
[iesits.com/solutions/index.html]
[iesits.com/portfolio/farm-implements/index.html]
[iesits.com/portfolio/cotton-seed-acid-delinting-plants/index.html]
[iesits.com/portfolio/cotton-ginning-plants/index.html]
[iesits.com/project-type/smart-cities/index.html]
[iesits.com/project-type/⁠agricultural-engineering/index.html]
[iesits.com/services/index.html]
[iesits.com/portfolio/seed-processing-plants/index.html]
[iesits.com/partners/index.html]
[iesits.com/news/index.html]
[iesits.com/contact-us/index.html]
[iesits.com/careers/index.html]
[iesits.com/wp-content/themes/salient/css/font-awesome.min6996.css]
[iesits.com/wp-content/plugins/js_composer_salient/assets/lib/vendor/node_modules/animate.css/animate.mind03b.css]
[iesits.com/wp-content/themes/salient/css/build/style-non-critical1e28.css]
[iesits.com/wp-content/themes/salient/css/build/plugins/jquery.fancybox3d36.css]
[iesits.com/wp-content/themes/salient/css/build/off-canvas/core1e28.css]
[iesits.com/wp-content/themes/salient/css/build/off-canvas/slide-out-right-material1e28.css]
[iesits.com/wp-content/themes/salient/css/build/off-canvas/slide-out-right-hover1e28.css]
[iesits.com/wp-content/themes/salient/js/build/third-party/jquery.easing.min4e44.js]
[iesits.com/wp-content/themes/salient/js/build/third-party/jquery.mousewheel.mina9d5.js]
[iesits.com/wp-content/themes/salient/js/build/priority1e28.js]
[iesits.com/wp-content/themes/salient/js/build/third-party/transit.mine2dc.js]
[iesits.com/wp-content/themes/salient/js/build/third-party/waypoints05da.js]
[iesits.com/wp-content/plugins/salient-portfolio/js/third-party/imagesLoaded.mineda1.js]
[iesits.com/wp-content/themes/salient/js/build/third-party/hoverintent.min3aa8.js]
[iesits.com/wp-content/themes/salient/js/build/third-party/jquery.fancybox7558.js]
[iesits.com/wp-content/themes/salient/js/build/third-party/anime.min8686.js]
[iesits.com/wp-content/themes/salient/js/build/third-party/flickity254d.js]
[iesits.com/wp-content/themes/salient/js/build/third-party/stickkit5152.js]
[iesits.com/wp-content/themes/salient/js/build/third-party/superfish0322.js]
[iesits.com/wp-content/themes/salient/js/build/init1e28.js]
[iesits.com/wp-content/plugins/salient-core/js/third-party/touchswipe.min5152.js]
[iesits.com/wp-content/themes/salient/js/build/third-party/select2.minf39e.js]
[apis.google.com/js/plusone.js]
[assets.pinterest.com/js/pinit.js]
[iesits.com/wp-content/plugins/js_composer_salient/assets/js/dist/js_composer_front.mind03b.js]
[iesits.com/wp-content/themes/salient/js/build/elements/nectar-post-grid-stacked1e28.js]
[iesits.com/wp-includes/js/mediaelement/mejs-controls.svg]
[iesits.com/wp-content/themes/salient/css/fonts/icomoon.svg]
[iesits.com/wp-content/plugins/js_composer_salient/assets/fonts/vc_icons_v2/fonts/vcpb-plugin-iconsb82a.svg]
[iesits.com/wp-content/plugins/js_composer_salient/assets/fonts/vc_grid/vc_grid_v157a1.svg]
[iesits.com/wp-content/plugins/salient-portfolio/css/portfolio4b1d.css]
[iesits.com/wp-content/plugins/salient-social/css/style54f4.css]
[iesits.com/wp-content/themes/salient/css/build/single1e28.css]
[iesits.com/wp-content/themes/salient/css/build/elements/element-recent-posts1e28.css]
[iesits.com/indexf763.html]
[iesits.com/wp-json/oembed/1.0/embedb47c.html]
[iesits.com/portfolio/parking-management-systems/index.html]
[iesits.com/portfolio/⁠oil-extraction-plants/index.html]
[iesits.com/wp-content/uploads/2024/09/Structural-Functional-Friction.html]
[iesits.com/wp-content/uploads/2024/09/operations-management-banner-web-solid-260nw-2442240561.html]
[iesits.com/wp-content/plugins/salient-social/js/salient-social54f4.html]
[iesits.com/wp-includes/js/comment-reply.min369f.html]
[iesits.com/project-type/services/feed/index.html]
[iesits.com/wp-content/themes/salient/css/build/blog/masonry-core1e28.html]
[iesits.com/wp-content/uploads/2024/09/field-service-installation-600x403.html]
[iesits.com/wp-content/uploads/2024/09/97e2f388-b407-42fd-a6b4-af8a92018307-600x403.html]
[iesits.com/wp-content/uploads/2024/09/97e2f388-b407-42fd-a6b4-af8a92018307.html]
[iesits.com/wp-content/uploads/2024/09/e3e4e4a3-b8a0-46eb-a335-14b95f703157-600x403.html]
[iesits.com/wp-content/uploads/2024/09/e3e4e4a3-b8a0-46eb-a335-14b95f703157.html]
[iesits.com/wp-content/uploads/2024/09/WhatsApp-Image-2025-07-31-at-10.07.47_c031d06c-600x403.html]
[iesits.com/wp-content/uploads/2024/09/WhatsApp-Image-2025-07-31-at-10.07.47_c031d06c.html]
[iesits.com/wp-content/uploads/2024/09/WhatsApp-Image-2025-07-31-at-10.20.22_f264cb17-600x403.html]
[iesits.com/wp-content/uploads/2024/09/WhatsApp-Image-2025-07-31-at-10.20.22_f264cb17.html]
[iesits.com/wp-content/uploads/2024/09/WhatsApp-Image-2025-07-31-at-10.16.43_06d85870-600x403.html]
[iesits.com/wp-content/uploads/2024/09/WhatsApp-Image-2025-07-31-at-10.16.43_06d85870.html]
[iesits.com/wp-content/uploads/2024/09/1658278-toll-1520914001-600x403.html]
[iesits.com/wp-content/uploads/2024/09/1658278-toll-1520914001.html]
[iesits.com/wp-content/uploads/2024/09/5a6fec4b-b27c-42ac-826f-4e77aec00844-600x403.html]
[iesits.com/wp-content/uploads/2024/09/5a6fec4b-b27c-42ac-826f-4e77aec00844.html]
[iesits.com/wp-content/plugins/salient-portfolio/js/third-party/isotope.mine87d.html]
[iesits.com/wp-content/plugins/salient-portfolio/js/salient-portfolio4b1d.html]
[iesits.com/wp-content/themes/salient/js/build/elements/nectar-blog1e28.html]
[iesits.com/wp-content/themes/salient/js/build/third-party/flexslider.min53cf.html]
[iesits.com/indexd519.html]
[iesits.com/wp-json/oembed/1.0/embedef74.html]
[iesits.com/wp-json/oembed/1.0/embed4cd5.html]
[iesits.com/wp-content/uploads/2024/09/Transit-Management-Automate-and-digitize-processes.html]
[iesits.com/portfolio/transit-management-systems/index.html]
[iesits.com/index672e.html]
[iesits.com/wp-json/oembed/1.0/embeded3e.html]
[iesits.com/wp-json/oembed/1.0/embed761d.html]
[iesits.com/wp-content/uploads/2024/09/0e1cee12-818b-436d-8f58-8106a430d642.html]
[iesits.com/wp-content/uploads/2024/09/f627395d-726f-497d-bdef-27e0fc8c31da.html]
[iesits.com/indexe145.html]
[iesits.com/wp-json/oembed/1.0/embeddb63.html]
[iesits.com/wp-json/oembed/1.0/embed8afa.html]
[iesits.com/wp-content/uploads/2024/09/SaaS-article-image.html]
[iesits.com/indexffa6.html]
[iesits.com/wp-json/oembed/1.0/embedb69b.html]
[iesits.com/wp-json/oembed/1.0/embed3e07.html]
[iesits.com/wp-content/uploads/2024/09/Traffic-Data-2-1.html]
[iesits.com/wp-content/uploads/2024/09/Traffic-Data-9.html]
[iesits.com/index4efb.html]
[iesits.com/wp-json/oembed/1.0/embed04aa.html]
[iesits.com/wp-json/oembed/1.0/embed0602.html]
[iesits.com/wp-content/uploads/2024/09/63a9210a52eab.html]
[iesits.com/index23ea.html]
[iesits.com/wp-json/oembed/1.0/embed163a.html]
[iesits.com/wp-json/oembed/1.0/embed28e1.html]
[iesits.com/wp-content/uploads/2024/09/banner-7-080323092809-scaled.html]
[iesits.com/wp-content/themes/salient/css/build/elements/element-tabbed-section1e28.html]
[iesits.com/index2ec5.html]
[iesits.com/wp-json/oembed/1.0/embed9d41.html]
[iesits.com/wp-json/oembed/1.0/embed2922.html]
[iesits.com/wp-content/uploads/2025/04/b615eb9f-e1b0-4d46-aba0-edaab5a50931.html]
[iesits.com/wp-content/uploads/2025/04/b615eb9f-e1b0-4d46-aba0-edaab5a50931-1.html]
[iesits.com/wp-content/uploads/2025/04/2e2d213f-add6-412c-86d2-5d8115ac4977.html]
[iesits.com/wp-content/uploads/2025/04/37c0d9af-9f82-48cf-b5cb-5acff6bd1e0a.html]
[iesits.com/wp-content/uploads/2025/04/6e439696-7f26-41fa-bef5-85dee1c0e854.html]
[iesits.com/wp-content/uploads/2025/04/b9c702c6-4370-4610-b569-89a777664bf6.html]
[iesits.com/wp-content/uploads/2025/04/bec4c30d-ed8d-4ef1-bb41-afa23369091c.html]
[iesits.com/wp-content/uploads/2024/09/agricultural-weather-station-2.html]
[iesits.com/project-type/road-tunnel-systems/feed/index.html]
[iesits.com/wp-content/uploads/2025/04/b615eb9f-e1b0-4d46-aba0-edaab5a50931-600x403.html]
[iesits.com/indexb4ec.html]
[iesits.com/wp-json/oembed/1.0/embed365a.html]
[iesits.com/wp-json/oembed/1.0/embedd1c9.html]
[iesits.com/wp-content/uploads/2024/09/Weather_Sensor_Blog_Featured.html]
[iesits.com/wp-content/uploads/2024/09/Weather_Sensor_Blog_Featured-600x403.html]
[iesits.com/wp-content/uploads/2024/09/I7A6378-600x403.html]
[iesits.com/wp-content/uploads/2024/09/I7A6378.html]
[iesits.com/wp-content/uploads/2024/09/iaasa-productos-aire-aqm09-gallery-7-600x403.html]
[iesits.com/wp-content/uploads/2024/09/iaasa-productos-aire-aqm09-gallery-7.html]
[iesits.com/indexc128.html]
[iesits.com/wp-json/oembed/1.0/embed28a5.html]
[iesits.com/wp-json/oembed/1.0/embedc4d3.html]
[iesits.com/index767a.html]
[iesits.com/wp-json/oembed/1.0/embed046c.html]
[iesits.com/wp-json/oembed/1.0/embede851.html]
[iesits.com/indexf425.html]
[iesits.com/wp-json/oembed/1.0/embedc860.html]
[iesits.com/wp-json/oembed/1.0/embed0115.html]
[iesits.com/wp-content/uploads/2024/09/c7ebaf2d5011895fb09ec8bbb41197c9.html]
[iesits.com/indexd4f5.html]
[iesits.com/wp-json/oembed/1.0/embedeb85.html]
[iesits.com/wp-json/oembed/1.0/embeddf8b.html]
[iesits.com/wp-content/uploads/2024/09/polymeric-uf-plant-500x500-1.html]
[iesits.com/wp-content/uploads/2024/09/polymeric-uf-plant-500x500-1-500x403.html]
[iesits.com/wp-content/uploads/2024/09/Introduction-600x403.html]
[iesits.com/wp-content/uploads/2024/09/Introduction.html]
[iesits.com/wp-content/uploads/2024/09/ultra-filtration-water-treatment-plant-600x403.html]
[iesits.com/wp-content/uploads/2024/09/ultra-filtration-water-treatment-plant.html]
[iesits.com/wp-content/uploads/2024/09/RO1.html]
[iesits.com/index47dc.html]
[iesits.com/wp-json/oembed/1.0/embed5d12.html]
[iesits.com/wp-json/oembed/1.0/embedbc2c.html]
[iesits.com/index7b0e.html]
[iesits.com/wp-json/oembed/1.0/embed07f8.html]
[iesits.com/wp-json/oembed/1.0/embed6b70.html]
[iesits.com/wp-content/themes/salient/js/build/elements/nectar-fit-text1e28.html]
[iesits.com/index8bcd.html]
[iesits.com/wp-json/oembed/1.0/embed9184.html]
[iesits.com/wp-json/oembed/1.0/embedf101.html]
[iesits.com/indexb0f8.html]
[iesits.com/wp-json/oembed/1.0/embed9661.html]
[iesits.com/wp-json/oembed/1.0/embedd403.html]
[iesits.com/wp-content/uploads/2024/09/images.html]
[iesits.com/indexf8fc.html]
[iesits.com/wp-json/oembed/1.0/embed7cb1.html]
[iesits.com/wp-json/oembed/1.0/embed8521.html]
[iesits.com/project-type/highways-expressway/feed/index.html]
[iesits.com/wp-content/uploads/2024/09/42feffad-95a2-4b81-b30c-559eb5a4f58d-600x403.html]
[iesits.com/wp-content/uploads/2024/09/42feffad-95a2-4b81-b30c-559eb5a4f58d.html]
[iesits.com/portfolio/crack-sealing/index.html]
[iesits.com/wp-content/uploads/2024/09/⁠Weigh-in-Motion.html]
[iesits.com/wp-content/uploads/2024/09/Advanced-Traffic-Management-System.html]
[iesits.com/portfolio/⁠weigh-in-motion/index.html]
[iesits.com/portfolio/advanced-traffic-management-system/index.html]
[iesits.com/wp-content/uploads/2024/09/⁠POS-–-Issuer-Acquirer-Bank-Solution-600x403.html]
[iesits.com/wp-content/uploads/2024/09/⁠POS-–-Issuer-Acquirer-Bank-Solution.html]
[iesits.com/portfolio/⁠pos-issuer-acquirer-bank-solution/index.html]
[iesits.com/wp-content/uploads/2024/09/Electronic-Toll-Traffic-Management-System.html]
[iesits.com/portfolio/electronic-toll-collection-system/index.html]
[iesits.com/wp-content/themes/salient/css/build/elements/element-fancy-box1e28.html]
[iesits.com/wp-content/themes/salient/css/build/plugins/caroufredsel1e28.html]
[iesits.com/indexa1c1.html]
[iesits.com/wp-json/oembed/1.0/embed98b4.html]
[iesits.com/wp-json/oembed/1.0/embedd9d1.html]
[iesits.com/wp-content/uploads/2024/09/testing-1.html]
[iesits.com/wp-content/uploads/2024/09/portfolio3.html]
[iesits.com/wp-content/uploads/2024/09/testing-3.html]
[iesits.com/wp-content/uploads/2024/09/testing-4.html]
[iesits.com/wp-content/uploads/2024/09/testing-5.html]
[iesits.com/wp-content/uploads/2024/09/testing-6.html]
[iesits.com/wp-content/uploads/2024/09/testing-7.html]
[iesits.com/wp-content/uploads/2024/09/testing-8.html]
[iesits.com/wp-content/plugins/salient-portfolio/js/third-party/caroufredsel.minf0a0.html]
[iesits.com/wp-content/themes/salient/css/build/elements/element-testimonial1e28.html]
[iesits.com/indexa040.html]
[iesits.com/wp-json/oembed/1.0/embedad1d.html]
[iesits.com/wp-json/oembed/1.0/embed8ef1.html]
[iesits.com/wp-content/uploads/2021/11/luca-nicoletti-rgc3FOrQeAM-unsplash-1.html]
[iesits.com/wp-content/uploads/2021/11/beazy-K-ndOjMfxKs-unsplash.html]
[iesits.com/wp-content/uploads/2021/11/linkedin-sales-solutions-pAtA8xe_iVM-unsplash.html]
[iesits.com/portfolio/rice-processing-plants/index.html]
[iesits.com/wp-content/uploads/2024/09/4aa876ce-1dea-46d9-b795-64f6c12be330.html]
[iesits.com/project-type/comprehensive-operations-management/feed/index.html]
[iesits.com/wp-content/uploads/2024/09/operations-management-banner-web-solid-260nw-2442240561-600x280.html]
[iesits.com/indexb3e1.html]
[iesits.com/wp-json/oembed/1.0/embed9d5e.html]
[iesits.com/wp-json/oembed/1.0/embed98b5.html]
[iesits.com/wp-content/uploads/2024/09/f657a40b-6679-4445-8d50-f2db0216e69d.html]
[iesits.com/portfolio/integrated-surveillance-monitoring/index.html]
[iesits.com/portfolio/integrated-command-control-center/index.html]
[iesits.com/wp-content/uploads/2024/09/b0ea2533-5e45-4521-954b-4a77d803b2be.html]
[iesits.com/portfolio/supply-installation-of-geomembrane-hdpe-pvc/index.html]
[iesits.com/project-type/geosynthetic-products/feed/index.html]
[iesits.com/wp-content/uploads/2024/09/4aa876ce-1dea-46d9-b795-64f6c12be330-600x403.html]
[iesits.com/wp-content/uploads/2024/09/b0ea2533-5e45-4521-954b-4a77d803b2be-600x403.html]
[iesits.com/the-chief-secretary-punjab-observed-a-demonstration-of-the-newly-procured-equipment-under-rams/feed/index.html]
[iesits.com/wp-content/uploads/2025/07/WhatsApp-Image-2025-07-29-at-10.12.44_0835b01c-1024x497.html]
[iesits.com/wp-content/uploads/2025/07/WhatsApp-Image-2025-07-29-at-10.12.44_0835b01c-768x373.html]
[iesits.com/wp-json/wp/v2/posts/855.html]
[iesits.com/indexc3f0.html]
[iesits.com/wp-json/oembed/1.0/embed10bc.html]
[iesits.com/wp-json/oembed/1.0/embedf4dd.html]
[iesits.com/author/inspireotechgmail-com/index.html]
[iesits.com/wp-content/uploads/2024/09/icon-2.html]
[iesits.com/category/uncategorized/feed/index.html]
[iesits.com/wp-json/wp/v2/categories/1.html]
[iesits.com/laser-crack-measurement-scanner-lcms/feed/index.html]
[iesits.com/wp-content/uploads/2024/09/icon-2-768x507.html]
[iesits.com/wp-json/wp/v2/posts/582.html]
[iesits.com/index01e4.html]
[iesits.com/wp-json/oembed/1.0/embed6d93.html]
[iesits.com/wp-json/oembed/1.0/embed0cbf.html]
[iesits.com/wp-content/uploads/2024/09/icon-1.html]
[iesits.com/wp-content/uploads/2024/09/icon-3-1-771x1024.html]
[iesits.com/wp-content/uploads/2024/09/icon-4.html]
[iesits.com/wp-content/uploads/2024/09/icon-5-1024x683.html]
[iesits.com/wp-content/uploads/2024/09/icon-6-1024x683.html]
[iesits.com/wp-content/themes/salient/css/build/elements/element-team-member1e28.html]
[iesits.com/wp-json/wp/v2/pages/6.html]
[iesits.com/index42dc.html]
[iesits.com/wp-json/oembed/1.0/embed059e.html]
[iesits.com/wp-json/oembed/1.0/embed2a2e.html]
[iesits.com/wp-content/uploads/2024/09/testing-9.html]
[iesits.com/wp-content/uploads/2024/09/WhatsApp-Image-2024-09-24-at-15.24.11_1b4d3d3c.html]
[iesits.com/wp-content/uploads/2024/09/WhatsApp-Image-2024-09-24-at-15.27.17_1af303fd.html]
[iesits.com/wp-content/uploads/2024/09/WhatsApp-Image-2024-09-24-at-15.31.20_8e200463.html]
[iesits.com/wp-json/wp/v2/pages/9.html]
[iesits.com/indexb5fb.html]
[iesits.com/wp-json/oembed/1.0/embed1bfc.html]
[iesits.com/wp-json/oembed/1.0/embed5488.html]
[iesits.com/portfolio/cotton-seed-acid-delinting-plants/index.html]
[iesits.com/portfolio/farm-implements/index.html]
[iesits.com/portfolio/seed-processing-plants/index.html]
[iesits.com/portfolio/cotton-ginning-plants/index.html]
[iesits.com/portfolio/⁠integrated-traffic-management-system/index.html]
[iesits.com/portfolio/⁠automated-payment-systems/index.html]
[iesits.com/project-type/smart-cities/feed/index.html]
[iesits.com/wp-content/uploads/2024/09/4136c173-cf16-4bfa-9fc6-439b1fee7ced-1-600x403.html]
[iesits.com/wp-content/uploads/2024/09/4136c173-cf16-4bfa-9fc6-439b1fee7ced-1.html]
[iesits.com/wp-content/uploads/2024/09/pic2-600x403.html]
[iesits.com/wp-content/uploads/2024/09/pic2.html]
[iesits.com/wp-content/uploads/2024/09/banner-1-150321061359-600x225.html]
[iesits.com/wp-content/uploads/2024/09/banner-1-150321061359.html]
[iesits.com/wp-content/uploads/2024/09/Integrated-payment-systems-600x403.html]
[iesits.com/wp-content/uploads/2024/09/Integrated-payment-systems.html]
[iesits.com/wp-content/uploads/2024/09/parking-600x403.html]
[iesits.com/wp-content/uploads/2024/09/parking.html]
[iesits.com/wp-json/wp/v2/pages/390.html]
[iesits.com/indexc351.html]
[iesits.com/wp-json/oembed/1.0/embed267f.html]
[iesits.com/wp-json/oembed/1.0/embed9030.html]
[iesits.com/wp-json/wp/v2/pages/352.html]
[iesits.com/index8fec.html]
[iesits.com/wp-json/oembed/1.0/embed536f.html]
[iesits.com/wp-json/oembed/1.0/embedafd2.html]
[iesits.com/wp-content/themes/salient/css/build/blog/auto-masonry-meta-overlaid-spaced1e28.html]
[iesits.com/wp-json/wp/v2/pages/377.html]
[iesits.com/indexa7ab.html]
[iesits.com/wp-json/oembed/1.0/embedd6db.html]
[iesits.com/wp-json/oembed/1.0/embed90e0.html]
[iesits.com/wp-content/themes/salient/css/build/elements/element-interactive-map1e28.html]
[iesits.com/wp-json/wp/v2/pages/355.html]
[iesits.com/indexc9bf.html]
[iesits.com/wp-json/oembed/1.0/embed246a.html]
[iesits.com/wp-json/oembed/1.0/embed2984.html]
[iesits.com/wp-content/themes/salient/css/build/plugins/leaflet369f.html]
[iesits.com/wp-content/themes/salient/js/build/third-party/leaflet.mine7f0.html]
[iesits.com/wp-content/themes/salient/js/build/elements/nectar-leaflet-map1e28.html]
[iesits.com/wp-content/themes/salient/css/build/elements/element-horizontal-list-item1e28.html]
[iesits.com/wp-json/wp/v2/pages/354.html]
[iesits.com/indexca25.html]
[iesits.com/wp-json/oembed/1.0/embed9761.html]
[iesits.com/wp-json/oembed/1.0/embed14ff.html]
[iesits.com/wp-content/themes/salient/css/fonts/fontawesome-webfont3ea6.html]
[iesits.com/wp-content/themes/salient/css/fonts/fontawesome-webfontd41d.html]
[iesits.com/wp-content/themes/salient/css/fonts/fontawesome-webfont.html]
[iesits.com/wp-content/themes/salient/css/fonts/fontawesome-webfont3ea6-2.html]
[iesits.com/wp-content/themes/salient/css/fonts/fontawesome-webfont3ea6-3.html]
[iesits.com/location.html]
[iesits.com/Edge/index.html]
[iesits.com/wp-content/plugins/salient-portfolio/img/transparent.html]
[iesits.com/index1263.html]
[iesits.com/wp-json/oembed/1.0/embed3e76.html]
[iesits.com/wp-json/oembed/1.0/embed66c4.html]
[iesits.com/wp-content/uploads/2024/09/Transportation-Management-System.html]
[iesits.com/indexe982.html]
[iesits.com/wp-json/oembed/1.0/embed9943.html]
[iesits.com/wp-json/oembed/1.0/embed3e0b.html]
[iesits.com/wp-content/uploads/2024/09/3de8492c-76fa-4ee4-bb9d-470406cd6dbe.html]
[iesits.com/wp-content/themes/salient/js/build/elements/nectar-text-inline-images1e28.html]
[iesits.com/portfolio/⁠weigh-in-motion/index.html]
[iesits.com/index5442.html]
[iesits.com/wp-json/oembed/1.0/embed953a.html]
[iesits.com/wp-json/oembed/1.0/embeda6d8.html]
[iesits.com/wp-content/uploads/2024/09/WhatsApp-Image-2025-07-30-at-17.54.56_9c7d45e8.html]
[iesits.com/indexbdc5.html]
[iesits.com/wp-json/oembed/1.0/embed64b0.html]
[iesits.com/wp-json/oembed/1.0/embed85b6.html]
[iesits.com/index4fd2.html]
[iesits.com/wp-json/oembed/1.0/embedad26.html]
[iesits.com/wp-json/oembed/1.0/embed0924.html]
[iesits.com/wp-content/uploads/2024/09/f17fa5bc-c3a4-49ec-bd89-7f9f34f8116b.html]
[iesits.com/wp-content/uploads/2024/09/bb6c1b23-a67f-4a41-9583-50727d02aae8.html]
[iesits.com/wp-content/uploads/2024/09/3dd79b02-dc90-4cd7-8c8f-9c60e174cdfa.html]
[iesits.com/wp-content/uploads/2024/09/69428266-49e0-4964-b4ee-3bdae0bce3eb.html]
[iesits.com/index2202.html]
[iesits.com/wp-json/oembed/1.0/embedf09e.html]
[iesits.com/wp-json/oembed/1.0/embed6f88.html]
[iesits.com/indexc7ce.html]
[iesits.com/wp-json/oembed/1.0/embed5415.html]
[iesits.com/wp-json/oembed/1.0/embed5b40.html]
[iesits.com/indexf7f8.html]
[iesits.com/wp-json/oembed/1.0/embed2bda.html]
[iesits.com/wp-json/oembed/1.0/embed2b8f.html]
[iesits.com/wp-content/uploads/2024/09/WhatsApp-Image-2025-04-23-at-12.44.13-PM.html]
[iesits.com/wp-content/uploads/2024/09/d80b4fa9-f7a7-4cca-887b-daf5fdc50ba3.html]
[iesits.com/author/inspireotechgmail-com/feed/index.html]
[iesits.com/wp-json/wp/v2/users/1.html]
[iesits.com/index7014.html]
[iesits.com/wp-json/oembed/1.0/embed7dda.html]
[iesits.com/wp-json/oembed/1.0/embed3347.html]
[iesits.com/wp-content/uploads/2024/09/cotton-4649804_1280-Copy.html]
[iesits.com/wp-content/uploads/2024/09/2-181011@2x-scaled.html]
[iesits.com/wp-content/uploads/2024/09/10abd9c0-a3c0-43e1-bb14-25c56965490d.html]
[iesits.com/index6353.html]
[iesits.com/wp-json/oembed/1.0/embed789a.html]
[iesits.com/wp-json/oembed/1.0/embed1218.html]
[iesits.com/wp-content/uploads/2024/09/cdf526ab-5e3f-447b-82e5-b7ecdff8e37f.html]
[iesits.com/wp-content/uploads/2024/09/05aa5bc0-9310-41bf-9bf2-18fdbd383bf7.html]
[iesits.com/indexb284.html]
[iesits.com/wp-json/oembed/1.0/embed049d.html]
[iesits.com/wp-json/oembed/1.0/embedc83c.html]
[iesits.com/wp-content/uploads/2024/09/9cab2eed-9002-4c37-9844-f980d1917b5c.html]
[iesits.com/index6c6e.html]
[iesits.com/wp-json/oembed/1.0/embed1f92.html]
[iesits.com/wp-json/oembed/1.0/embed602e.html]
[iesits.com/wp-content/uploads/2024/09/6d7798ce-a2d9-4175-b072-1ace2ebda8b6.html]
[iesits.com/indexc1f6.html]
[iesits.com/wp-json/oembed/1.0/embed6d67.html]
[iesits.com/wp-json/oembed/1.0/embed511f.html]
[iesits.com/wp-content/uploads/2024/09/permanent-1-1.html]
[iesits.com/wp-content/uploads/2024/09/overload-1.html]
